[foxfollow.net/roboolx.html]
[backblue.gif]
[fade.gif]
[index.html]
[browser.sentry-cdn.com/6.4.1/bundle.min.js]
[www.google-analytics.com/analytics.js]
[d13pxqgp3ixdbh.cloudfront.net/uploads/162668326714f63680c2bbd339065d0c0b815f9734.png]
[use.fontawesome.com/releases/v5.3.1/css/all.css]
[d13pxqgp3ixdbh.cloudfront.net/uploads/163481384027a3883df3e87dca84e9b0572375d9d1.jpg]
[d13pxqgp3ixdbh.cloudfront.net/uploads/15350241425257ab2ba1d496c887a99d67bc48ce1a.png]
[d13pxqgp3ixdbh.cloudfront.net/uploads/16313498877f78f6bb95a4a7d6b4276d53d018b16f.png]
[foxfollow.net/js/jquery.min.a.delayed]
[ajax.googleapis.com/ajax/libs/jquery/2.2.4/jquery.min.js]
[d12u7tum9sda5e.cloudfront.net/a924750.js]
[foxfollow.net/customTemplateGlobal.11.delayed]
[foxfollow.net/roboolx.html]
[use.fontawesome.com/releases/v5.3.1/css/all.css]
[d13pxqgp3ixdbh.cloudfront.net/uploads/assets/1563298961d7e11a0c316ea6a189a4b4e2bd1ad627.css]
[d13pxqgp3ixdbh.cloudfront.net/uploads/assets/15632989585b40da5bd6314d160701458ac2c4a7d1.css]
[foxfollow.net/js/jquery.min.html]
[foxfollow.net/popper.js]
[d13pxqgp3ixdbh.cloudfront.net/uploads/assets/1563194332a1feff07bb466fd26feaa3594da71117.js]
[d13pxqgp3ixdbh.cloudfront.net/uploads/assets/15607272053787c9f516c16e5a1a9288d97413bdb2.js]
[d13pxqgp3ixdbh.cloudfront.net/uploads/assets/1560949450bce409af147aeb3877a8dc186c73f6a2.js]
[d13pxqgp3ixdbh.cloudfront.net/uploads/assets/1560727204fdb312cf546601dc2094c775c1fb03c6.js]
[foxfollow.net/customTemplateGlobal.html]
[foxfollow.net/popper.html]
