[get.myrobux.club/gift2/index.html]
[backblue.gif]
[fade.gif]
[index.html]
[get.myrobux.club/gift2/img/meta.html]
[get.myrobux.club/gift2/css/index.css]
[get.myrobux.club/gift2/img/rlogo.png]
[get.myrobux.club/gift2/img/robux/800.png]
[get.myrobux.club/gift2/img/robux/1700.png]
[get.myrobux.club/gift2/img/robux/4500.png]
[get.myrobux.club/gift2/img/robux/10000.png]
[get.myrobux.club/gift2/img/plat/xbox.svg]
[get.myrobux.club/gift2/img/plat/pc.svg]
[get.myrobux.club/gift2/img/plat/cel.svg]
[get.myrobux.club/gift2/img/plat/andr.svg]
[get.myrobux.club/gift2/img/rob1.png]
[get.myrobux.club/gift2/img/rob2.png]
[get.myrobux.club/gift2/img/rob3.png]
[get.myrobux.club/gift2/img/pase/item-0.png]
[get.myrobux.club/gift2/img/pase/item-1.png]
[get.myrobux.club/gift2/img/pase/item-2.png]
[get.myrobux.club/gift2/img/pase/item-3.png]
[get.myrobux.club/gift2/img/pase/item-4.png]
[get.myrobux.club/gift2/img/pase/item-5.png]
[get.myrobux.club/gift2/js/jquery.min.js]
[get.myrobux.club/gift2/js/general.js]
[get.myrobux.club/gift2/js/roblox.js]
[get.myrobux.club/gift2/index.html]
[getnetflixmodapk.com/wp-content/uploads/2020/04/cropped-android-chrome-512x512-32x32.png]
[getnetflixmodapk.com/wp-content/uploads/2020/04/cropped-android-chrome-512x512-270x270.png]
[getnetflixmodapk.com/wp-content/uploads/2020/04/cropped-android-chrome-512x512-180x180.png]
[getnetflixmodapk.com/wp-includes/css/dist/block-library/style.min.css]
[getnetflixmodapk.com/wp-includes/css/dist/block-library/theme.min.css]
[getnetflixmodapk.com/wp-content/plugins/easy-table-of-contents/vendor/icomoon/style.min.css]
[getnetflixmodapk.com/wp-content/plugins/easy-table-of-contents/assets/css/screen.min.css]
[getnetflixmodapk.com/wp-content/plugins/wp-review/public/css/wp-review.css]
[getnetflixmodapk.com/wp-content/themes/mts_schema/css/responsive.css]
[getnetflixmodapk.com/wp-content/themes/mts_schema/style.css]
[getnetflixmodapk.com/wp-content/themes/mts_schema/css/magnific-popup.css]
[getnetflixmodapk.com/wp-content/themes/mts_schema/css/font-awesome.min.css]
[getnetflixmodapk.com/wp-content/themes/mts_schema/js/customscript.js]
[getnetflixmodapk.com/wp-content/themes/mts_schema/js/ajax.js]
[getnetflixmodapk.com/wp-includes/js/jquery/jquery.js]
[getnetflixmodapk.com/wp-content/uploads/2020/04/cropped-android-chrome-512x512-192x192.png]
[getnetflixmodapk.com/wp-content/themes/mts_schema/js/jquery.magnific-popup.min.js]
[getnetflixmodapk.com/wp-content/themes/mts_schema/js/sticky.js]
[getnetflixmodapk.com/wp-content/plugins/easy-table-of-contents/vendor/js-cookie/js.cookie.min.js]
[getnetflixmodapk.com/wp-includes/js/underscore.min.js]
[getnetflixmodapk.com/wp-includes/js/wp-util.min.js]
[getnetflixmodapk.com/wp-content/plugins/wp-review/public/js/main.js]
[getnetflixmodapk.com/wp-includes/js/wp-embed.min.js]
[get.myrobux.club/gift2/img/meta.html]
[get.myrobux.club/gift2/css/fonts/BurbankBigCondensed-Bold.html]
[get.myrobux.club/gift2/css/fonts/BurbankBigCondensed-Boldd41d.html]
[get.myrobux.club/gift2/css/fonts/BurbankBigCondensed-Bold.woff2]
[get.myrobux.club/gift2/css/fonts/BurbankBigCondensed-Bold-2.html]
[get.myrobux.club/gift2/css/fonts/BurbankBigCondensed-Bold-3.html]
[get.myrobux.club/gift2/css/fonts/BurbankBigCondensed-Bold-4.html]
[get.myrobux.club/gift2/css/fonts/BurbankBigCondensed-Black.html]
[get.myrobux.club/gift2/css/fonts/BurbankBigCondensed-Blackd41d.html]
[get.myrobux.club/gift2/css/fonts/BurbankBigCondensed-Black.woff2]
[get.myrobux.club/gift2/css/fonts/BurbankBigCondensed-Black-2.html]
[get.myrobux.club/gift2/css/fonts/BurbankBigCondensed-Black-3.html]
[get.myrobux.club/gift2/css/fonts/BurbankBigCondensed-Black-4.html]
[get.myrobux.club/gift2/css/fonts/BurbankBigSmall-Black.html]
[get.myrobux.club/gift2/css/fonts/BurbankBigSmall-Blackd41d.html]
[get.myrobux.club/gift2/css/fonts/BurbankBigSmall-Black-2.html]
[get.myrobux.club/gift2/css/fonts/BurbankBigSmall-Black-3.html]
[get.myrobux.club/gift2/css/fonts/BurbankBigSmall-Black-4.html]
[get.myrobux.club/gift2/css/fonts/BurbankBigSmall-Black-5.html]
[get.myrobux.club/gift2/img/bg.jpg]
[get.myrobux.club/gift2/img/sky-mask.jpg]
[get.myrobux.club/gift2/img/wall.png]
[get.myrobux.club/gift2/img/der.svg]
[get.myrobux.club/gift2/img/izq.svg]
[get.myrobux.club/gift2/img/fdmodal.png]
[get.myrobux.club/gift2/css/index.css]
[get.myrobux.club/gift2/img/plat/xbox.svg]
[get.myrobux.club/gift2/img/plat/pc.svg]
[get.myrobux.club/gift2/img/plat/cel.svg]
[get.myrobux.club/gift2/img/plat/andr.svg]
[getnetflixmodapk.com/wp-includes/css/dist/block-library/style.min.css]
[getnetflixmodapk.com/wp-includes/css/dist/block-library/theme.min.css]
[getnetflixmodapk.com/wp-content/plugins/easy-table-of-contents/vendor/icomoon/fonts/ez-toc-icomoon.eot]
[getnetflixmodapk.com/wp-content/plugins/easy-table-of-contents/vendor/icomoon/fonts/ez-toc-icomoond41d.eot]
[getnetflixmodapk.com/wp-content/plugins/easy-table-of-contents/vendor/icomoon/fonts/ez-toc-icomoon.woff2]
[getnetflixmodapk.com/wp-content/plugins/easy-table-of-contents/vendor/icomoon/fonts/ez-toc-icomoon.woff]
[getnetflixmodapk.com/wp-content/plugins/easy-table-of-contents/vendor/icomoon/fonts/ez-toc-icomoon.ttf]
[getnetflixmodapk.com/wp-content/plugins/easy-table-of-contents/vendor/icomoon/fonts/ez-toc-icomoon.svg]
[getnetflixmodapk.com/wp-content/plugins/easy-table-of-contents/vendor/icomoon/style.min.css]
[getnetflixmodapk.com/wp-content/plugins/easy-table-of-contents/assets/css/screen.min.css]
[getnetflixmodapk.com/wp-content/plugins/wp-review/public/css/wp-review.css]
[getnetflixmodapk.com/wp-content/themes/mts_schema/style.css]
[getnetflixmodapk.com/wp-content/themes/mts_schema/css/responsive.css]
[getnetflixmodapk.com/wp-content/themes/mts_schema/css/magnific-popup.css]
[getnetflixmodapk.com/wp-content/themes/mts_schema/css/font-awesome.min.css]
[get.myrobux.club/gift2/css/fonts/BurbankBigCondensed-Bold.html]
[get.myrobux.club/gift2/css/fonts/BurbankBigCondensed-Boldd41d.html]
[get.myrobux.club/gift2/css/fonts/BurbankBigCondensed-Bold-2.html]
[get.myrobux.club/gift2/css/fonts/BurbankBigCondensed-Bold-3.html]
[get.myrobux.club/gift2/css/fonts/BurbankBigCondensed-Bold-4.html]
[get.myrobux.club/gift2/css/fonts/BurbankBigCondensed-Black.html]
[get.myrobux.club/gift2/css/fonts/BurbankBigCondensed-Blackd41d.html]
[get.myrobux.club/gift2/css/fonts/BurbankBigCondensed-Black-2.html]
[get.myrobux.club/gift2/css/fonts/BurbankBigCondensed-Black-3.html]
[get.myrobux.club/gift2/css/fonts/BurbankBigCondensed-Black-4.html]
[get.myrobux.club/gift2/css/fonts/BurbankBigSmall-Black.html]
[get.myrobux.club/gift2/css/fonts/BurbankBigSmall-Blackd41d.html]
[get.myrobux.club/gift2/css/fonts/BurbankBigSmall-Black-2.html]
[get.myrobux.club/gift2/css/fonts/BurbankBigSmall-Black-3.html]
[get.myrobux.club/gift2/css/fonts/BurbankBigSmall-Black-4.html]
[get.myrobux.club/gift2/css/fonts/BurbankBigSmall-Black-5.html]
[get.myrobux.club/gift2/img/der.svg]
[get.myrobux.club/gift2/img/izq.svg]
[getnetflixmodapk.com/wp-content/plugins/easy-table-of-contents/vendor/icomoon/fonts/ez-toc-icomoon.svg]
